Archive member included because of file (symbol)

c:/program files (x86)/raisonance/ride/arm-gcc/bin/../lib/gcc/arm-none-eabi/4.5.1/../../../../arm-none-eabi/lib/thumb2\libc.a(lib_a-strcmp.o)
                              C:\Users\John Preston\Dropbox\ELEC1034 Mobile Systems\PrimerWare\objdebug\Application.o (strcmp)

Allocating common symbols
Common symbol       size              file

ptrCircle_API       0x4               C:\Program Files (x86)\Raisonance\Ride\Lib\ARM\CircleOS\Application_Startup.o

Discarded input sections

 .ARM.attributes
                0x00000000       0x29 c:/program files (x86)/raisonance/ride/arm-gcc/bin/../lib/gcc/arm-none-eabi/4.5.1/../../../../arm-none-eabi/lib/thumb2\libc.a(lib_a-strcmp.o)
 .debug_frame   0x00000000       0x30 c:/program files (x86)/raisonance/ride/arm-gcc/bin/../lib/gcc/arm-none-eabi/4.5.1/../../../../arm-none-eabi/lib/thumb2\libc.a(lib_a-strcmp.o)

Memory Configuration

Name             Origin             Length             Attributes
RAM              0x20000000         0x00004000         xrw
FLASHB1          0x08000000         0x00006000         r
FLASH            0x08006000         0x00002000         xr
EXTMEMB0         0x00000000         0x00000000         xr
EXTMEMB1         0x00000000         0x00000000         xr
EXTMEMB2         0x00000000         0x00000000         xr
EXTMEMB3         0x00000000         0x00000000         xr
*default*        0x00000000         0xffffffff

Linker script and memory map

LOAD C:\Program Files (x86)\Raisonance\Ride\Lib\ARM\CircleOS\Application_Startup.o
LOAD C:\Users\John Preston\Dropbox\ELEC1034 Mobile Systems\PrimerWare\objdebug\Application.o
LOAD C:\Users\John Preston\Dropbox\ELEC1034 Mobile Systems\PrimerWare\objdebug\MenuDraw.o
START GROUP
LOAD C:\Program Files (x86)\Raisonance\Ride\Lib\ARM\std_sbrk_thumb.lib
LOAD C:\Program Files (x86)\Raisonance\Ride\Lib\ARM\smallprintf_thumb.a
LOAD c:/program files (x86)/raisonance/ride/arm-gcc/bin/../lib/gcc/arm-none-eabi/4.5.1/../../../../arm-none-eabi/lib/thumb2\libc.a
LOAD c:/program files (x86)/raisonance/ride/arm-gcc/bin/../lib/gcc/arm-none-eabi/4.5.1/../../../../arm-none-eabi/lib/thumb2\libm.a
END GROUP
                0x00000400                __Stack_Size = 0x400
                0x00000400                PROVIDE (_Stack_Size, __Stack_Size)
                0x20004c00                __Stack_Init = (_estack - __Stack_Size)
                0x20004c00                PROVIDE (_Stack_Init, __Stack_Init)
                0x00000100                _Minimum_Stack_Size = 0x100
                0x00000000                PROVIDE (Undefined_Handler, 0x0)
                0x00000000                PROVIDE (SWI_Handler, 0x0)
                0x00000000                PROVIDE (IRQ_Handler, 0x0)
                0x00000000                PROVIDE (Prefetch_Handler, 0x0)
                0x00000000                PROVIDE (Abort_Handler, 0x0)
                0x00000000                PROVIDE (FIQ_Handler, 0x0)
                0x00000000                PROVIDE (NMIException, 0x0)
                0x00000000                PROVIDE (HardFaultException, 0x0)
                0x00000000                PROVIDE (MemManageException, 0x0)
                0x00000000                PROVIDE (BusFaultException, 0x0)
                0x00000000                PROVIDE (UsageFaultException, 0x0)
                0x00000000                PROVIDE (SVCHandler, 0x0)
                0x00000000                PROVIDE (DebugMonitor, 0x0)
                0x00000000                PROVIDE (PendSVC, 0x0)
                0x00000000                PROVIDE (SysTickHandler, 0x0)
                0x00000000                PROVIDE (WWDG_IRQHandler, 0x0)
                0x00000000                PROVIDE (PVD_IRQHandler, 0x0)
                0x00000000                PROVIDE (TAMPER_IRQHandler, 0x0)
                0x00000000                PROVIDE (RTC_IRQHandler, 0x0)
                0x00000000                PROVIDE (FLASH_IRQHandler, 0x0)
                0x00000000                PROVIDE (RCC_IRQHandler, 0x0)
                0x00000000                PROVIDE (EXTI0_IRQHandler, 0x0)
                0x00000000                PROVIDE (EXTI1_IRQHandler, 0x0)
                0x00000000                PROVIDE (EXTI2_IRQHandler, 0x0)
                0x00000000                PROVIDE (EXTI3_IRQHandler, 0x0)
                0x00000000                PROVIDE (EXTI4_IRQHandler, 0x0)
                0x00000000                PROVIDE (DMAChannel1_IRQHandler, 0x0)
                0x00000000                PROVIDE (DMAChannel2_IRQHandler, 0x0)
                0x00000000                PROVIDE (DMAChannel3_IRQHandler, 0x0)
                0x00000000                PROVIDE (DMAChannel4_IRQHandler, 0x0)
                0x00000000                PROVIDE (DMAChannel5_IRQHandler, 0x0)
                0x00000000                PROVIDE (DMAChannel6_IRQHandler, 0x0)
                0x00000000                PROVIDE (DMAChannel7_IRQHandler, 0x0)
                0x00000000                PROVIDE (ADC_IRQHandler, 0x0)
                0x00000000                PROVIDE (USB_HP_CAN_TX_IRQHandler, 0x0)
                0x00000000                PROVIDE (USB_LP_CAN_RX0_IRQHandler, 0x0)
                0x00000000                PROVIDE (CAN_RX1_IRQHandler, 0x0)
                0x00000000                PROVIDE (CAN_SCE_IRQHandler, 0x0)
                0x00000000                PROVIDE (EXTI9_5_IRQHandler, 0x0)
                0x00000000                PROVIDE (TIM1_BRK_IRQHandler, 0x0)
                0x00000000                PROVIDE (TIM1_UP_IRQHandler, 0x0)
                0x00000000                PROVIDE (TIM1_TRG_COM_IRQHandler, 0x0)
                0x00000000                PROVIDE (TIM1_CC_IRQHandler, 0x0)
                0x00000000                PROVIDE (TIM2_IRQHandler, 0x0)
                0x00000000                PROVIDE (TIM3_IRQHandler, 0x0)
                0x00000000                PROVIDE (TIM4_IRQHandler, 0x0)
                0x00000000                PROVIDE (I2C1_EV_IRQHandler, 0x0)
                0x00000000                PROVIDE (I2C1_ER_IRQHandler, 0x0)
                0x00000000                PROVIDE (I2C2_EV_IRQHandler, 0x0)
                0x00000000                PROVIDE (I2C2_ER_IRQHandler, 0x0)
                0x00000000                PROVIDE (SPI1_IRQHandler, 0x0)
                0x00000000                PROVIDE (SPI2_IRQHandler, 0x0)
                0x00000000                PROVIDE (USART1_IRQHandler, 0x0)
                0x00000000                PROVIDE (USART2_IRQHandler, 0x0)
                0x00000000                PROVIDE (USART3_IRQHandler, 0x0)
                0x00000000                PROVIDE (EXTI15_10_IRQHandler, 0x0)
                0x00000000                PROVIDE (RTCAlarm_IRQHandler, 0x0)
                0x00000000                PROVIDE (USBWakeUp_IRQHandler, 0x0)
                0x42000000                PERIPH_BB_BASE = 0x42000000
                0x22000000                SRAM_BB_BASE = 0x22000000
                0x20000000                SRAM_BASE = 0x20000000
                0x40000000                PERIPH_BASE = 0x40000000
                0x40022000                PROVIDE (FLASH_BASE, 0x40022000)
                0x1ffff800                PROVIDE (OB_BASE, 0x1ffff800)
                0x40000000                APB1PERIPH_BASE = PERIPH_BASE
                0x40010000                APB2PERIPH_BASE = (PERIPH_BASE + 0x10000)
                0x40020000                AHBPERIPH_BASE = (PERIPH_BASE + 0x20000)
                0x40000000                PROVIDE (TIM2, (APB1PERIPH_BASE + 0x0))
                0x40000400                PROVIDE (TIM3, (APB1PERIPH_BASE + 0x400))
                0x40000800                PROVIDE (TIM4, (APB1PERIPH_BASE + 0x800))
                0x40002800                PROVIDE (RTC, (APB1PERIPH_BASE + 0x2800))
                0x40002c00                PROVIDE (WWDG, (APB1PERIPH_BASE + 0x2c00))
                0x40003000                PROVIDE (IWDG, (APB1PERIPH_BASE + 0x3000))
                0x40003800                PROVIDE (SPI2, (APB1PERIPH_BASE + 0x3800))
                0x40004400                PROVIDE (USART2, (APB1PERIPH_BASE + 0x4400))
                0x40004800                PROVIDE (USART3, (APB1PERIPH_BASE + 0x4800))
                0x40005400                PROVIDE (I2C1, (APB1PERIPH_BASE + 0x5400))
                0x40005800                PROVIDE (I2C2, (APB1PERIPH_BASE + 0x5800))
                0x40006400                PROVIDE (CAN, (APB1PERIPH_BASE + 0x6400))
                0x40006c00                PROVIDE (BKP, (APB1PERIPH_BASE + 0x6c00))
                0x40007000                PROVIDE (PWR, (APB1PERIPH_BASE + 0x7000))
                0x40010000                PROVIDE (AFIO, (APB2PERIPH_BASE + 0x0))
                0x40010400                PROVIDE (EXTI, (APB2PERIPH_BASE + 0x400))
                0x40010800                PROVIDE (GPIOA, (APB2PERIPH_BASE + 0x800))
                0x40010c00                PROVIDE (GPIOB, (APB2PERIPH_BASE + 0xc00))
                0x40011000                PROVIDE (GPIOC, (APB2PERIPH_BASE + 0x1000))
                0x40011400                PROVIDE (GPIOD, (APB2PERIPH_BASE + 0x1400))
                0x40011800                PROVIDE (GPIOE, (APB2PERIPH_BASE + 0x1800))
                0x40012400                PROVIDE (ADC1, (APB2PERIPH_BASE + 0x2400))
                0x40012800                PROVIDE (ADC2, (APB2PERIPH_BASE + 0x2800))
                0x40012c00                PROVIDE (TIM1, (APB2PERIPH_BASE + 0x2c00))
                0x40013000                PROVIDE (SPI1, (APB2PERIPH_BASE + 0x3000))
                0x40013800                PROVIDE (USART1, (APB2PERIPH_BASE + 0x3800))
                0x40020000                PROVIDE (DMA, (AHBPERIPH_BASE + 0x0))
                0x40020008                PROVIDE (DMA_Channel1, (AHBPERIPH_BASE + 0x8))
                0x4002001c                PROVIDE (DMA_Channel2, (AHBPERIPH_BASE + 0x1c))
                0x40020030                PROVIDE (DMA_Channel3, (AHBPERIPH_BASE + 0x30))
                0x40020044                PROVIDE (DMA_Channel4, (AHBPERIPH_BASE + 0x44))
                0x40020058                PROVIDE (DMA_Channel5, (AHBPERIPH_BASE + 0x58))
                0x4002006c                PROVIDE (DMA_Channel6, (AHBPERIPH_BASE + 0x6c))
                0x40020080                PROVIDE (DMA_Channel7, (AHBPERIPH_BASE + 0x80))
                0x40021000                PROVIDE (RCC, (AHBPERIPH_BASE + 0x1000))
                0xe000e000                SCS_BASE = 0xe000e000
                0xe000e010                PROVIDE (SysTick, (SCS_BASE + 0x10))
                0xe000e100                PROVIDE (NVIC, (SCS_BASE + 0x100))
                0xe000ed00                PROVIDE (SCB, (SCS_BASE + 0xd00))
                0x08009fff                _eflash = 0x8009fff
                0x20005000                _estack = 0x20005000

.isr_vector     0x08006000       0x10
                0x08006000                . = ALIGN (0x4)
 *(.isr_vector)
 .isr_vector    0x08006000       0x10 C:\Program Files (x86)\Raisonance\Ride\Lib\ARM\CircleOS\Application_Startup.o
                0x08006000                ApplicationItem
                0x08006010                . = ALIGN (0x4)

.flashtext      0x08006010        0x0
                0x08006010                . = ALIGN (0x4)
 *(.flashtext)
                0x08006010                . = ALIGN (0x4)

.text           0x08006010      0x4e4
                0x08006010                . = ALIGN (0x4)
 *(.text)
 .text          0x08006010        0x0 C:\Program Files (x86)\Raisonance\Ride\Lib\ARM\CircleOS\Application_Startup.o
 .text          0x08006010        0x0 C:\Users\John Preston\Dropbox\ELEC1034 Mobile Systems\PrimerWare\objdebug\Application.o
 .text          0x08006010        0x0 C:\Users\John Preston\Dropbox\ELEC1034 Mobile Systems\PrimerWare\objdebug\MenuDraw.o
 .text          0x08006010      0x1dc c:/program files (x86)/raisonance/ride/arm-gcc/bin/../lib/gcc/arm-none-eabi/4.5.1/../../../../arm-none-eabi/lib/thumb2\libc.a(lib_a-strcmp.o)
                0x08006010                strcmp
 *(.text.*)
 .text.Application_Entry
                0x080061ec       0x50 C:\Program Files (x86)\Raisonance\Ride\Lib\ARM\CircleOS\Application_Startup.o
 .text.Application_Ini
                0x0800623c       0x68 C:\Users\John Preston\Dropbox\ELEC1034 Mobile Systems\PrimerWare\objdebug\Application.o
                0x0800623c                Application_Ini
 .text.Application_Handler
                0x080062a4       0x4c C:\Users\John Preston\Dropbox\ELEC1034 Mobile Systems\PrimerWare\objdebug\Application.o
                0x080062a4                Application_Handler
 .text.MsgVersion
                0x080062f0      0x13c C:\Users\John Preston\Dropbox\ELEC1034 Mobile Systems\PrimerWare\objdebug\Application.o
 .text.drawMenu
                0x0800642c       0x10 C:\Users\John Preston\Dropbox\ELEC1034 Mobile Systems\PrimerWare\objdebug\MenuDraw.o
                0x0800642c                drawMenu
 .text.drawTitle
                0x0800643c       0x80 C:\Users\John Preston\Dropbox\ELEC1034 Mobile Systems\PrimerWare\objdebug\MenuDraw.o
                0x0800643c                drawTitle
 *(.rodata)
 .rodata        0x080064bc       0x2c C:\Users\John Preston\Dropbox\ELEC1034 Mobile Systems\PrimerWare\objdebug\Application.o
                0x080064bc                Application_Name
 .rodata        0x080064e8        0xc C:\Users\John Preston\Dropbox\ELEC1034 Mobile Systems\PrimerWare\objdebug\MenuDraw.o
 *(.rodata*)
 *(.glue_7)
 .glue_7        0x00000000        0x0 linker stubs
 *(.glue_7t)
 .glue_7t       0x00000000        0x0 linker stubs
                0x080064f4                . = ALIGN (0x4)
                0x080064f4                _etext = .
                0x080064f4                _sidata = _etext

.vfp11_veneer   0x080064f4        0x0
 .vfp11_veneer  0x00000000        0x0 linker stubs

.v4_bx          0x080064f4        0x0
 .v4_bx         0x00000000        0x0 linker stubs

.data           0x20000000        0x0 load address 0x080064f4
                0x20000000                . = ALIGN (0x4)
                0x20000000                _sdata = .
 *(.data)
 .data          0x20000000        0x0 C:\Program Files (x86)\Raisonance\Ride\Lib\ARM\CircleOS\Application_Startup.o
 .data          0x20000000        0x0 C:\Users\John Preston\Dropbox\ELEC1034 Mobile Systems\PrimerWare\objdebug\Application.o
 .data          0x20000000        0x0 C:\Users\John Preston\Dropbox\ELEC1034 Mobile Systems\PrimerWare\objdebug\MenuDraw.o
 .data          0x20000000        0x0 c:/program files (x86)/raisonance/ride/arm-gcc/bin/../lib/gcc/arm-none-eabi/4.5.1/../../../../arm-none-eabi/lib/thumb2\libc.a(lib_a-strcmp.o)
 *(.data.*)
                0x20000000                . = ALIGN (0x4)
                0x20000000                _edata = .
                0x00000000                toobig = (((_sidata + _edata) - _sdata) > _eflash)?!!!!!!!!! FLASH IS FULL !!!!!!!!!:0x0

.bss            0x20000000        0x4 load address 0x080064f4
                0x20000000                . = ALIGN (0x4)
                0x20000000                _sbss = .
 *(.bss)
 .bss           0x20000000        0x0 C:\Program Files (x86)\Raisonance\Ride\Lib\ARM\CircleOS\Application_Startup.o
 .bss           0x20000000        0x0 C:\Users\John Preston\Dropbox\ELEC1034 Mobile Systems\PrimerWare\objdebug\Application.o
 .bss           0x20000000        0x0 C:\Users\John Preston\Dropbox\ELEC1034 Mobile Systems\PrimerWare\objdebug\MenuDraw.o
 .bss           0x20000000        0x0 c:/program files (x86)/raisonance/ride/arm-gcc/bin/../lib/gcc/arm-none-eabi/4.5.1/../../../../arm-none-eabi/lib/thumb2\libc.a(lib_a-strcmp.o)
 *(COMMON)
 COMMON         0x20000000        0x4 C:\Program Files (x86)\Raisonance\Ride\Lib\ARM\CircleOS\Application_Startup.o
                0x20000000                ptrCircle_API
                0x20000004                . = ALIGN (0x4)
                0x20000004                _ebss = .
                0x20000004                PROVIDE (end, _ebss)
                0x20000004                PROVIDE (_end, _ebss)

._usrstack      0x20000004      0x100 load address 0x080064f8
                0x20000004                . = ALIGN (0x4)
                0x20000004                _susrstack = .
                0x20000104                . = (. + _Minimum_Stack_Size)
 *fill*         0x20000004      0x100 00
                0x20000104                . = ALIGN (0x4)
                0x20000104                _eusrstack = .

.b1text         0x08000000        0x4
 FILL mask 0xffffffff
 *(.b1text)
 .b1text        0x08000000        0x4 C:\Program Files (x86)\Raisonance\Ride\Lib\ARM\CircleOS\Application_Startup.o
                0x08000000                dummy
 */()

.eb0text
 *(.eb0text)
 *(.eb0rodata)
 *(.eb0rodata*)

.eb1text
 *(.eb1text)
 *(.eb1rodata)
 *(.eb1rodata*)

.eb2text
 *(.eb2text)
 *(.eb2rodata)
 *(.eb2rodata*)

.eb3text
 *(.eb3text)
 *(.eb3rodata)
 *(.eb3rodata*)

/DISCARD/
 libc.a(*)
 libm.a(*)
 libgcc.a(*)

.stab
 *(.stab)

.stabstr
 *(.stabstr)

.stab.excl
 *(.stab.excl)

.stab.exclstr
 *(.stab.exclstr)

.stab.index
 *(.stab.index)

.stab.indexstr
 *(.stab.indexstr)

.ARM.attributes
                0x00000000       0x31
 .ARM.attributes
                0x00000000       0x31 C:\Program Files (x86)\Raisonance\Ride\Lib\ARM\CircleOS\Application_Startup.o
 .ARM.attributes
                0x00000031       0x31 C:\Users\John Preston\Dropbox\ELEC1034 Mobile Systems\PrimerWare\objdebug\Application.o
 .ARM.attributes
                0x00000062       0x31 C:\Users\John Preston\Dropbox\ELEC1034 Mobile Systems\PrimerWare\objdebug\MenuDraw.o

.comment        0x00000000       0x61
 *(.comment)
 .comment       0x00000000       0x37 C:\Program Files (x86)\Raisonance\Ride\Lib\ARM\CircleOS\Application_Startup.o
 .comment       0x00000037       0x2a C:\Users\John Preston\Dropbox\ELEC1034 Mobile Systems\PrimerWare\objdebug\Application.o
                                 0x2b (size before relaxing)
 .comment       0x00000000       0x2b C:\Users\John Preston\Dropbox\ELEC1034 Mobile Systems\PrimerWare\objdebug\MenuDraw.o

.debug
 *(.debug)

.line
 *(.line)

.debug_srcinfo
 *(.debug_srcinfo)

.debug_sfnames
 *(.debug_sfnames)

.debug_aranges  0x00000000       0x58
 *(.debug_aranges)
 .debug_aranges
                0x00000000       0x30 C:\Users\John Preston\Dropbox\ELEC1034 Mobile Systems\PrimerWare\objdebug\Application.o
 .debug_aranges
                0x00000030       0x28 C:\Users\John Preston\Dropbox\ELEC1034 Mobile Systems\PrimerWare\objdebug\MenuDraw.o

.debug_pubnames
                0x00000000       0x80
 *(.debug_pubnames)
 .debug_pubnames
                0x00000000       0x53 C:\Users\John Preston\Dropbox\ELEC1034 Mobile Systems\PrimerWare\objdebug\Application.o
 .debug_pubnames
                0x00000053       0x2d C:\Users\John Preston\Dropbox\ELEC1034 Mobile Systems\PrimerWare\objdebug\MenuDraw.o

.debug_info     0x00000000      0x3fb
 *(.debug_info .gnu.linkonce.wi.*)
 .debug_info    0x00000000      0x29e C:\Users\John Preston\Dropbox\ELEC1034 Mobile Systems\PrimerWare\objdebug\Application.o
 .debug_info    0x0000029e      0x15d C:\Users\John Preston\Dropbox\ELEC1034 Mobile Systems\PrimerWare\objdebug\MenuDraw.o

.debug_abbrev   0x00000000      0x204
 *(.debug_abbrev)
 .debug_abbrev  0x00000000      0x13b C:\Users\John Preston\Dropbox\ELEC1034 Mobile Systems\PrimerWare\objdebug\Application.o
 .debug_abbrev  0x0000013b       0xc9 C:\Users\John Preston\Dropbox\ELEC1034 Mobile Systems\PrimerWare\objdebug\MenuDraw.o

.debug_line     0x00000000      0x329
 *(.debug_line)
 .debug_line    0x00000000      0x1bd C:\Users\John Preston\Dropbox\ELEC1034 Mobile Systems\PrimerWare\objdebug\Application.o
 .debug_line    0x000001bd      0x16c C:\Users\John Preston\Dropbox\ELEC1034 Mobile Systems\PrimerWare\objdebug\MenuDraw.o

.debug_frame    0x00000000       0xb4
 *(.debug_frame)
 .debug_frame   0x00000000       0x68 C:\Users\John Preston\Dropbox\ELEC1034 Mobile Systems\PrimerWare\objdebug\Application.o
 .debug_frame   0x00000068       0x4c C:\Users\John Preston\Dropbox\ELEC1034 Mobile Systems\PrimerWare\objdebug\MenuDraw.o

.debug_str      0x00000000      0x2ea
 *(.debug_str)
 .debug_str     0x00000000      0x27e C:\Users\John Preston\Dropbox\ELEC1034 Mobile Systems\PrimerWare\objdebug\Application.o
                                0x2b7 (size before relaxing)
 .debug_str     0x0000027e       0x6c C:\Users\John Preston\Dropbox\ELEC1034 Mobile Systems\PrimerWare\objdebug\MenuDraw.o
                                0x12d (size before relaxing)

.debug_loc      0x00000000       0xf4
 *(.debug_loc)
 .debug_loc     0x00000000       0x90 C:\Users\John Preston\Dropbox\ELEC1034 Mobile Systems\PrimerWare\objdebug\Application.o
 .debug_loc     0x00000090       0x64 C:\Users\John Preston\Dropbox\ELEC1034 Mobile Systems\PrimerWare\objdebug\MenuDraw.o

.debug_macinfo
 *(.debug_macinfo)

.debug_weaknames
 *(.debug_weaknames)

.debug_funcnames
 *(.debug_funcnames)

.debug_typenames
 *(.debug_typenames)

.debug_varnames
 *(.debug_varnames)
START GROUP
LOAD c:/program files (x86)/raisonance/ride/arm-gcc/bin/../lib/gcc/arm-none-eabi/4.5.1/thumb2\libgcc.a
LOAD c:/program files (x86)/raisonance/ride/arm-gcc/bin/../lib/gcc/arm-none-eabi/4.5.1/../../../../arm-none-eabi/lib/thumb2\libc.a
END GROUP
OUTPUT(C:\Users\John Preston\Dropbox\ELEC1034 Mobile Systems\PrimerWare\objdebug\PrimerWare.elf elf32-littlearm)

.debug_pubtypes
                0x00000000       0xf7
 .debug_pubtypes
                0x00000000       0x9d C:\Users\John Preston\Dropbox\ELEC1034 Mobile Systems\PrimerWare\objdebug\Application.o
 .debug_pubtypes
                0x0000009d       0x5a C:\Users\John Preston\Dropbox\ELEC1034 Mobile Systems\PrimerWare\objdebug\MenuDraw.o

.debug_ranges   0x00000000       0x38
 .debug_ranges  0x00000000       0x20 C:\Users\John Preston\Dropbox\ELEC1034 Mobile Systems\PrimerWare\objdebug\Application.o
 .debug_ranges  0x00000020       0x18 C:\Users\John Preston\Dropbox\ELEC1034 Mobile Systems\PrimerWare\objdebug\MenuDraw.o
