Archive member included because of file (symbol)

c:/program files (x86)/raisonance/ride/arm-gcc/bin/../lib/gcc/arm-none-eabi/4.5.1/../../../../arm-none-eabi/lib/thumb2\libc.a(lib_a-strcmp.o)
                              C:\Users\John Preston\code\primer\PrimerWare\objdebug\Application.o (strcmp)

Allocating common symbols
Common symbol       size              file

ptrCircle_API       0x4               C:\Program Files (x86)\Raisonance\Ride\Lib\ARM\CircleOS\Application_Startup.o

Discarded input sections

 .ARM.attributes
                0x00000000       0x29 c:/program files (x86)/raisonance/ride/arm-gcc/bin/../lib/gcc/arm-none-eabi/4.5.1/../../../../arm-none-eabi/lib/thumb2\libc.a(lib_a-strcmp.o)
 .debug_frame   0x00000000       0x30 c:/program files (x86)/raisonance/ride/arm-gcc/bin/../lib/gcc/arm-none-eabi/4.5.1/../../../../arm-none-eabi/lib/thumb2\libc.a(lib_a-strcmp.o)

Memory Configuration

Name             Origin             Length             Attributes
RAM              0x20000000         0x00004000         xrw
FLASHB1          0x08000000         0x00006000         r
FLASH            0x08006000         0x00002000         xr
EXTMEMB0         0x00000000         0x00000000         xr
EXTMEMB1         0x00000000         0x00000000         xr
EXTMEMB2         0x00000000         0x00000000         xr
EXTMEMB3         0x00000000         0x00000000         xr
*default*        0x00000000         0xffffffff

Linker script and memory map

LOAD C:\Program Files (x86)\Raisonance\Ride\Lib\ARM\CircleOS\Application_Startup.o
LOAD C:\Users\John Preston\code\primer\PrimerWare\objdebug\Application.o
LOAD C:\Users\John Preston\code\primer\PrimerWare\objdebug\MenuDraw.o
LOAD C:\Users\John Preston\code\primer\PrimerWare\objdebug\MenuHandler.o
LOAD C:\Users\John Preston\code\primer\PrimerWare\objdebug\RandNo.o
LOAD C:\Users\John Preston\code\primer\PrimerWare\objdebug\GameDraw.o
LOAD C:\Users\John Preston\code\primer\PrimerWare\objdebug\Timer.o
LOAD C:\Users\John Preston\code\primer\PrimerWare\objdebug\TestGames.o
LOAD C:\Users\John Preston\code\primer\PrimerWare\objdebug\Touchscreen.o
START GROUP
LOAD C:\Program Files (x86)\Raisonance\Ride\Lib\ARM\std_sbrk_thumb.lib
LOAD C:\Program Files (x86)\Raisonance\Ride\Lib\ARM\smallprintf_thumb.a
LOAD c:/program files (x86)/raisonance/ride/arm-gcc/bin/../lib/gcc/arm-none-eabi/4.5.1/../../../../arm-none-eabi/lib/thumb2\libc.a
LOAD c:/program files (x86)/raisonance/ride/arm-gcc/bin/../lib/gcc/arm-none-eabi/4.5.1/../../../../arm-none-eabi/lib/thumb2\libm.a
END GROUP
                0x00000400                __Stack_Size = 0x400
                0x00000400                PROVIDE (_Stack_Size, __Stack_Size)
                0x20004c00                __Stack_Init = (_estack - __Stack_Size)
                0x20004c00                PROVIDE (_Stack_Init, __Stack_Init)
                0x00000100                _Minimum_Stack_Size = 0x100
                0x00000000                PROVIDE (Undefined_Handler, 0x0)
                0x00000000                PROVIDE (SWI_Handler, 0x0)
                0x00000000                PROVIDE (IRQ_Handler, 0x0)
                0x00000000                PROVIDE (Prefetch_Handler, 0x0)
                0x00000000                PROVIDE (Abort_Handler, 0x0)
                0x00000000                PROVIDE (FIQ_Handler, 0x0)
                0x00000000                PROVIDE (NMIException, 0x0)
                0x00000000                PROVIDE (HardFaultException, 0x0)
                0x00000000                PROVIDE (MemManageException, 0x0)
                0x00000000                PROVIDE (BusFaultException, 0x0)
                0x00000000                PROVIDE (UsageFaultException, 0x0)
                0x00000000                PROVIDE (SVCHandler, 0x0)
                0x00000000                PROVIDE (DebugMonitor, 0x0)
                0x00000000                PROVIDE (PendSVC, 0x0)
                0x00000000                PROVIDE (SysTickHandler, 0x0)
                0x00000000                PROVIDE (WWDG_IRQHandler, 0x0)
                0x00000000                PROVIDE (PVD_IRQHandler, 0x0)
                0x00000000                PROVIDE (TAMPER_IRQHandler, 0x0)
                0x00000000                PROVIDE (RTC_IRQHandler, 0x0)
                0x00000000                PROVIDE (FLASH_IRQHandler, 0x0)
                0x00000000                PROVIDE (RCC_IRQHandler, 0x0)
                0x00000000                PROVIDE (EXTI0_IRQHandler, 0x0)
                0x00000000                PROVIDE (EXTI1_IRQHandler, 0x0)
                0x00000000                PROVIDE (EXTI2_IRQHandler, 0x0)
                0x00000000                PROVIDE (EXTI3_IRQHandler, 0x0)
                0x00000000                PROVIDE (EXTI4_IRQHandler, 0x0)
                0x00000000                PROVIDE (DMAChannel1_IRQHandler, 0x0)
                0x00000000                PROVIDE (DMAChannel2_IRQHandler, 0x0)
                0x00000000                PROVIDE (DMAChannel3_IRQHandler, 0x0)
                0x00000000                PROVIDE (DMAChannel4_IRQHandler, 0x0)
                0x00000000                PROVIDE (DMAChannel5_IRQHandler, 0x0)
                0x00000000                PROVIDE (DMAChannel6_IRQHandler, 0x0)
                0x00000000                PROVIDE (DMAChannel7_IRQHandler, 0x0)
                0x00000000                PROVIDE (ADC_IRQHandler, 0x0)
                0x00000000                PROVIDE (USB_HP_CAN_TX_IRQHandler, 0x0)
                0x00000000                PROVIDE (USB_LP_CAN_RX0_IRQHandler, 0x0)
                0x00000000                PROVIDE (CAN_RX1_IRQHandler, 0x0)
                0x00000000                PROVIDE (CAN_SCE_IRQHandler, 0x0)
                0x00000000                PROVIDE (EXTI9_5_IRQHandler, 0x0)
                0x00000000                PROVIDE (TIM1_BRK_IRQHandler, 0x0)
                0x00000000                PROVIDE (TIM1_UP_IRQHandler, 0x0)
                0x00000000                PROVIDE (TIM1_TRG_COM_IRQHandler, 0x0)
                0x00000000                PROVIDE (TIM1_CC_IRQHandler, 0x0)
                0x00000000                PROVIDE (TIM2_IRQHandler, 0x0)
                0x00000000                PROVIDE (TIM3_IRQHandler, 0x0)
                0x00000000                PROVIDE (TIM4_IRQHandler, 0x0)
                0x00000000                PROVIDE (I2C1_EV_IRQHandler, 0x0)
                0x00000000                PROVIDE (I2C1_ER_IRQHandler, 0x0)
                0x00000000                PROVIDE (I2C2_EV_IRQHandler, 0x0)
                0x00000000                PROVIDE (I2C2_ER_IRQHandler, 0x0)
                0x00000000                PROVIDE (SPI1_IRQHandler, 0x0)
                0x00000000                PROVIDE (SPI2_IRQHandler, 0x0)
                0x00000000                PROVIDE (USART1_IRQHandler, 0x0)
                0x00000000                PROVIDE (USART2_IRQHandler, 0x0)
                0x00000000                PROVIDE (USART3_IRQHandler, 0x0)
                0x00000000                PROVIDE (EXTI15_10_IRQHandler, 0x0)
                0x00000000                PROVIDE (RTCAlarm_IRQHandler, 0x0)
                0x00000000                PROVIDE (USBWakeUp_IRQHandler, 0x0)
                0x42000000                PERIPH_BB_BASE = 0x42000000
                0x22000000                SRAM_BB_BASE = 0x22000000
                0x20000000                SRAM_BASE = 0x20000000
                0x40000000                PERIPH_BASE = 0x40000000
                0x40022000                PROVIDE (FLASH_BASE, 0x40022000)
                0x1ffff800                PROVIDE (OB_BASE, 0x1ffff800)
                0x40000000                APB1PERIPH_BASE = PERIPH_BASE
                0x40010000                APB2PERIPH_BASE = (PERIPH_BASE + 0x10000)
                0x40020000                AHBPERIPH_BASE = (PERIPH_BASE + 0x20000)
                0x40000000                PROVIDE (TIM2, (APB1PERIPH_BASE + 0x0))
                0x40000400                PROVIDE (TIM3, (APB1PERIPH_BASE + 0x400))
                0x40000800                PROVIDE (TIM4, (APB1PERIPH_BASE + 0x800))
                0x40002800                PROVIDE (RTC, (APB1PERIPH_BASE + 0x2800))
                0x40002c00                PROVIDE (WWDG, (APB1PERIPH_BASE + 0x2c00))
                0x40003000                PROVIDE (IWDG, (APB1PERIPH_BASE + 0x3000))
                0x40003800                PROVIDE (SPI2, (APB1PERIPH_BASE + 0x3800))
                0x40004400                PROVIDE (USART2, (APB1PERIPH_BASE + 0x4400))
                0x40004800                PROVIDE (USART3, (APB1PERIPH_BASE + 0x4800))
                0x40005400                PROVIDE (I2C1, (APB1PERIPH_BASE + 0x5400))
                0x40005800                PROVIDE (I2C2, (APB1PERIPH_BASE + 0x5800))
                0x40006400                PROVIDE (CAN, (APB1PERIPH_BASE + 0x6400))
                0x40006c00                PROVIDE (BKP, (APB1PERIPH_BASE + 0x6c00))
                0x40007000                PROVIDE (PWR, (APB1PERIPH_BASE + 0x7000))
                0x40010000                PROVIDE (AFIO, (APB2PERIPH_BASE + 0x0))
                0x40010400                PROVIDE (EXTI, (APB2PERIPH_BASE + 0x400))
                0x40010800                PROVIDE (GPIOA, (APB2PERIPH_BASE + 0x800))
                0x40010c00                PROVIDE (GPIOB, (APB2PERIPH_BASE + 0xc00))
                0x40011000                PROVIDE (GPIOC, (APB2PERIPH_BASE + 0x1000))
                0x40011400                PROVIDE (GPIOD, (APB2PERIPH_BASE + 0x1400))
                0x40011800                PROVIDE (GPIOE, (APB2PERIPH_BASE + 0x1800))
                0x40012400                PROVIDE (ADC1, (APB2PERIPH_BASE + 0x2400))
                0x40012800                PROVIDE (ADC2, (APB2PERIPH_BASE + 0x2800))
                0x40012c00                PROVIDE (TIM1, (APB2PERIPH_BASE + 0x2c00))
                0x40013000                PROVIDE (SPI1, (APB2PERIPH_BASE + 0x3000))
                0x40013800                PROVIDE (USART1, (APB2PERIPH_BASE + 0x3800))
                0x40020000                PROVIDE (DMA, (AHBPERIPH_BASE + 0x0))
                0x40020008                PROVIDE (DMA_Channel1, (AHBPERIPH_BASE + 0x8))
                0x4002001c                PROVIDE (DMA_Channel2, (AHBPERIPH_BASE + 0x1c))
                0x40020030                PROVIDE (DMA_Channel3, (AHBPERIPH_BASE + 0x30))
                0x40020044                PROVIDE (DMA_Channel4, (AHBPERIPH_BASE + 0x44))
                0x40020058                PROVIDE (DMA_Channel5, (AHBPERIPH_BASE + 0x58))
                0x4002006c                PROVIDE (DMA_Channel6, (AHBPERIPH_BASE + 0x6c))
                0x40020080                PROVIDE (DMA_Channel7, (AHBPERIPH_BASE + 0x80))
                0x40021000                PROVIDE (RCC, (AHBPERIPH_BASE + 0x1000))
                0xe000e000                SCS_BASE = 0xe000e000
                0xe000e010                PROVIDE (SysTick, (SCS_BASE + 0x10))
                0xe000e100                PROVIDE (NVIC, (SCS_BASE + 0x100))
                0xe000ed00                PROVIDE (SCB, (SCS_BASE + 0xd00))
                0x08009fff                _eflash = 0x8009fff
                0x20005000                _estack = 0x20005000

.isr_vector     0x08006000       0x10
                0x08006000                . = ALIGN (0x4)
 *(.isr_vector)
 .isr_vector    0x08006000       0x10 C:\Program Files (x86)\Raisonance\Ride\Lib\ARM\CircleOS\Application_Startup.o
                0x08006000                ApplicationItem
                0x08006010                . = ALIGN (0x4)

.flashtext      0x08006010        0x0
                0x08006010                . = ALIGN (0x4)
 *(.flashtext)
                0x08006010                . = ALIGN (0x4)

.text           0x08006010     0x15b0
                0x08006010                . = ALIGN (0x4)
 *(.text)
 .text          0x08006010        0x0 C:\Program Files (x86)\Raisonance\Ride\Lib\ARM\CircleOS\Application_Startup.o
 .text          0x08006010        0x0 C:\Users\John Preston\code\primer\PrimerWare\objdebug\Application.o
 .text          0x08006010        0x0 C:\Users\John Preston\code\primer\PrimerWare\objdebug\MenuDraw.o
 .text          0x08006010        0x0 C:\Users\John Preston\code\primer\PrimerWare\objdebug\MenuHandler.o
 .text          0x08006010        0x0 C:\Users\John Preston\code\primer\PrimerWare\objdebug\RandNo.o
 .text          0x08006010        0x0 C:\Users\John Preston\code\primer\PrimerWare\objdebug\GameDraw.o
 .text          0x08006010        0x0 C:\Users\John Preston\code\primer\PrimerWare\objdebug\Timer.o
 .text          0x08006010        0x0 C:\Users\John Preston\code\primer\PrimerWare\objdebug\TestGames.o
 .text          0x08006010        0x0 C:\Users\John Preston\code\primer\PrimerWare\objdebug\Touchscreen.o
 .text          0x08006010      0x1dc c:/program files (x86)/raisonance/ride/arm-gcc/bin/../lib/gcc/arm-none-eabi/4.5.1/../../../../arm-none-eabi/lib/thumb2\libc.a(lib_a-strcmp.o)
                0x08006010                strcmp
 *(.text.*)
 .text.Application_Entry
                0x080061ec       0x50 C:\Program Files (x86)\Raisonance\Ride\Lib\ARM\CircleOS\Application_Startup.o
 .text.Application_Ini
                0x0800623c       0x78 C:\Users\John Preston\code\primer\PrimerWare\objdebug\Application.o
                0x0800623c                Application_Ini
 .text.Application_Handler
                0x080062b4      0x3b4 C:\Users\John Preston\code\primer\PrimerWare\objdebug\Application.o
                0x080062b4                Application_Handler
 .text.MsgVersion
                0x08006668      0x13c C:\Users\John Preston\code\primer\PrimerWare\objdebug\Application.o
 .text.MENUDRAW_setupDrawing
                0x080067a4       0x44 C:\Users\John Preston\code\primer\PrimerWare\objdebug\MenuDraw.o
                0x080067a4                MENUDRAW_setupDrawing
 .text.MENUDRAW_drawMenu
                0x080067e8       0x14 C:\Users\John Preston\code\primer\PrimerWare\objdebug\MenuDraw.o
                0x080067e8                MENUDRAW_drawMenu
 .text.MENUDRAW_drawTitle
                0x080067fc       0x44 C:\Users\John Preston\code\primer\PrimerWare\objdebug\MenuDraw.o
                0x080067fc                MENUDRAW_drawTitle
 .text.MENUDRAW_drawPlayersMenu
                0x08006840       0xcc C:\Users\John Preston\code\primer\PrimerWare\objdebug\MenuDraw.o
                0x08006840                MENUDRAW_drawPlayersMenu
 .text.MENUDRAW_clearButtonAreas
                0x0800690c       0x60 C:\Users\John Preston\code\primer\PrimerWare\objdebug\MenuDraw.o
                0x0800690c                MENUDRAW_clearButtonAreas
 .text.MENUDRAW_drawTwoPlayerGameTypeMenu
                0x0800696c       0xcc C:\Users\John Preston\code\primer\PrimerWare\objdebug\MenuDraw.o
                0x0800696c                MENUDRAW_drawTwoPlayerGameTypeMenu
 .text.MENUHANDLER_run
                0x08006a38       0xfc C:\Users\John Preston\code\primer\PrimerWare\objdebug\MenuHandler.o
                0x08006a38                MENUHANDLER_run
 .text.MENUHANDLER_SinglePlayer
                0x08006b34        0xc C:\Users\John Preston\code\primer\PrimerWare\objdebug\MenuHandler.o
                0x08006b34                MENUHANDLER_SinglePlayer
 .text.MENUHANDLER_MultiPlayer
                0x08006b40        0xc C:\Users\John Preston\code\primer\PrimerWare\objdebug\MenuHandler.o
                0x08006b40                MENUHANDLER_MultiPlayer
 .text.MENUHANDLER_CoOp
                0x08006b4c        0xc C:\Users\John Preston\code\primer\PrimerWare\objdebug\MenuHandler.o
                0x08006b4c                MENUHANDLER_CoOp
 .text.MENUHANDLER_Vs
                0x08006b58        0xc C:\Users\John Preston\code\primer\PrimerWare\objdebug\MenuHandler.o
                0x08006b58                MENUHANDLER_Vs
 .text.init_rand
                0x08006b64       0xb0 C:\Users\John Preston\code\primer\PrimerWare\objdebug\RandNo.o
                0x08006b64                init_rand
 .text.rand_cmwc
                0x08006c14       0xe0 C:\Users\John Preston\code\primer\PrimerWare\objdebug\RandNo.o
                0x08006c14                rand_cmwc
 .text.GAMEDRAW_stageN
                0x08006cf4       0xa8 C:\Users\John Preston\code\primer\PrimerWare\objdebug\GameDraw.o
                0x08006cf4                GAMEDRAW_stageN
 .text.GAMEDRAW_stageSuccess
                0x08006d9c       0x54 C:\Users\John Preston\code\primer\PrimerWare\objdebug\GameDraw.o
                0x08006d9c                GAMEDRAW_stageSuccess
 .text.GAMEDRAW_stageFail
                0x08006df0       0x54 C:\Users\John Preston\code\primer\PrimerWare\objdebug\GameDraw.o
                0x08006df0                GAMEDRAW_stageFail
 .text.GAMEDRAW_roundFinished
                0x08006e44      0x168 C:\Users\John Preston\code\primer\PrimerWare\objdebug\GameDraw.o
                0x08006e44                GAMEDRAW_roundFinished
 .text.TIMER_initTimer
                0x08006fac       0x48 C:\Users\John Preston\code\primer\PrimerWare\objdebug\Timer.o
                0x08006fac                TIMER_initTimer
 .text.TIMER_checkTimer
                0x08006ff4       0x3c C:\Users\John Preston\code\primer\PrimerWare\objdebug\Timer.o
                0x08006ff4                TIMER_checkTimer
 .text.TIMER_tickTimers
                0x08007030       0x58 C:\Users\John Preston\code\primer\PrimerWare\objdebug\Timer.o
                0x08007030                TIMER_tickTimers
 .text.TIMER_disableTimer
                0x08007088       0x24 C:\Users\John Preston\code\primer\PrimerWare\objdebug\Timer.o
                0x08007088                TIMER_disableTimer
 .text.TIMER_isEnabled
                0x080070ac       0x24 C:\Users\John Preston\code\primer\PrimerWare\objdebug\Timer.o
                0x080070ac                TIMER_isEnabled
 .text.testRun1
                0x080070d0      0x11c C:\Users\John Preston\code\primer\PrimerWare\objdebug\TestGames.o
                0x080070d0                testRun1
 .text.testRun2
                0x080071ec      0x11c C:\Users\John Preston\code\primer\PrimerWare\objdebug\TestGames.o
                0x080071ec                testRun2
 .text.testRun3
                0x08007308      0x11c C:\Users\John Preston\code\primer\PrimerWare\objdebug\TestGames.o
                0x08007308                testRun3
 .text.TOUCH_clickEvent
                0x08007424       0xb8 C:\Users\John Preston\code\primer\PrimerWare\objdebug\Touchscreen.o
                0x08007424                TOUCH_clickEvent
 *(.rodata)
 .rodata        0x080074dc       0x3c C:\Users\John Preston\code\primer\PrimerWare\objdebug\Application.o
                0x080074dc                Application_Name
 .rodata        0x08007518       0x38 C:\Users\John Preston\code\primer\PrimerWare\objdebug\MenuDraw.o
 .rodata        0x08007550       0x58 C:\Users\John Preston\code\primer\PrimerWare\objdebug\GameDraw.o
 .rodata        0x080075a8       0x18 C:\Users\John Preston\code\primer\PrimerWare\objdebug\TestGames.o
 *(.rodata*)
 *(.glue_7)
 .glue_7        0x00000000        0x0 linker stubs
 *(.glue_7t)
 .glue_7t       0x00000000        0x0 linker stubs
                0x080075c0                . = ALIGN (0x4)
                0x080075c0                _etext = .
                0x080075c0                _sidata = _etext

.vfp11_veneer   0x080075c0        0x0
 .vfp11_veneer  0x00000000        0x0 linker stubs

.v4_bx          0x080075c0        0x0
 .v4_bx         0x00000000        0x0 linker stubs

.data           0x20000000       0x34 load address 0x080075c0
                0x20000000                . = ALIGN (0x4)
                0x20000000                _sdata = .
 *(.data)
 .data          0x20000000        0x0 C:\Program Files (x86)\Raisonance\Ride\Lib\ARM\CircleOS\Application_Startup.o
 .data          0x20000000       0x28 C:\Users\John Preston\code\primer\PrimerWare\objdebug\Application.o
                0x20000000                minigamesSinglePlayer
                0x2000000c                minigamesCoOp
                0x20000018                minigamesVs
 .data          0x20000028        0x0 C:\Users\John Preston\code\primer\PrimerWare\objdebug\MenuDraw.o
 .data          0x20000028        0x1 C:\Users\John Preston\code\primer\PrimerWare\objdebug\MenuHandler.o
 *fill*         0x20000029        0x3 00
 .data          0x2000002c        0x8 C:\Users\John Preston\code\primer\PrimerWare\objdebug\RandNo.o
 .data          0x20000034        0x0 C:\Users\John Preston\code\primer\PrimerWare\objdebug\GameDraw.o
 .data          0x20000034        0x0 C:\Users\John Preston\code\primer\PrimerWare\objdebug\Timer.o
 .data          0x20000034        0x0 C:\Users\John Preston\code\primer\PrimerWare\objdebug\TestGames.o
 .data          0x20000034        0x0 C:\Users\John Preston\code\primer\PrimerWare\objdebug\Touchscreen.o
 .data          0x20000034        0x0 c:/program files (x86)/raisonance/ride/arm-gcc/bin/../lib/gcc/arm-none-eabi/4.5.1/../../../../arm-none-eabi/lib/thumb2\libc.a(lib_a-strcmp.o)
 *(.data.*)
                0x20000034                . = ALIGN (0x4)
                0x20000034                _edata = .
                0x00000000                toobig = (((_sidata + _edata) - _sdata) > _eflash)?!!!!!!!!! FLASH IS FULL !!!!!!!!!:0x0

.bss            0x20000034      0x12c load address 0x080075f4
                0x20000034                . = ALIGN (0x4)
                0x20000034                _sbss = .
 *(.bss)
 .bss           0x20000034        0x0 C:\Program Files (x86)\Raisonance\Ride\Lib\ARM\CircleOS\Application_Startup.o
 .bss           0x20000034       0x20 C:\Users\John Preston\code\primer\PrimerWare\objdebug\Application.o
 .bss           0x20000054        0x0 C:\Users\John Preston\code\primer\PrimerWare\objdebug\MenuDraw.o
 .bss           0x20000054        0x1 C:\Users\John Preston\code\primer\PrimerWare\objdebug\MenuHandler.o
 *fill*         0x20000055        0x3 00
 .bss           0x20000058       0x80 C:\Users\John Preston\code\primer\PrimerWare\objdebug\RandNo.o
 .bss           0x200000d8        0x0 C:\Users\John Preston\code\primer\PrimerWare\objdebug\GameDraw.o
 .bss           0x200000d8       0x5c C:\Users\John Preston\code\primer\PrimerWare\objdebug\Timer.o
 .bss           0x20000134       0x24 C:\Users\John Preston\code\primer\PrimerWare\objdebug\TestGames.o
 .bss           0x20000158        0x1 C:\Users\John Preston\code\primer\PrimerWare\objdebug\Touchscreen.o
 .bss           0x20000159        0x0 c:/program files (x86)/raisonance/ride/arm-gcc/bin/../lib/gcc/arm-none-eabi/4.5.1/../../../../arm-none-eabi/lib/thumb2\libc.a(lib_a-strcmp.o)
 *(COMMON)
 *fill*         0x20000159        0x3 00
 COMMON         0x2000015c        0x4 C:\Program Files (x86)\Raisonance\Ride\Lib\ARM\CircleOS\Application_Startup.o
                0x2000015c                ptrCircle_API
                0x20000160                . = ALIGN (0x4)
                0x20000160                _ebss = .
                0x20000160                PROVIDE (end, _ebss)
                0x20000160                PROVIDE (_end, _ebss)

._usrstack      0x20000160      0x100 load address 0x08007720
                0x20000160                . = ALIGN (0x4)
                0x20000160                _susrstack = .
                0x20000260                . = (. + _Minimum_Stack_Size)
 *fill*         0x20000160      0x100 00
                0x20000260                . = ALIGN (0x4)
                0x20000260                _eusrstack = .

.b1text         0x08000000        0x4
 FILL mask 0xffffffff
 *(.b1text)
 .b1text        0x08000000        0x4 C:\Program Files (x86)\Raisonance\Ride\Lib\ARM\CircleOS\Application_Startup.o
                0x08000000                dummy
 */()

.eb0text
 *(.eb0text)
 *(.eb0rodata)
 *(.eb0rodata*)

.eb1text
 *(.eb1text)
 *(.eb1rodata)
 *(.eb1rodata*)

.eb2text
 *(.eb2text)
 *(.eb2rodata)
 *(.eb2rodata*)

.eb3text
 *(.eb3text)
 *(.eb3rodata)
 *(.eb3rodata*)

/DISCARD/
 libc.a(*)
 libm.a(*)
 libgcc.a(*)

.stab
 *(.stab)

.stabstr
 *(.stabstr)

.stab.excl
 *(.stab.excl)

.stab.exclstr
 *(.stab.exclstr)

.stab.index
 *(.stab.index)

.stab.indexstr
 *(.stab.indexstr)

.ARM.attributes
                0x00000000       0x31
 .ARM.attributes
                0x00000000       0x31 C:\Program Files (x86)\Raisonance\Ride\Lib\ARM\CircleOS\Application_Startup.o
 .ARM.attributes
                0x00000031       0x31 C:\Users\John Preston\code\primer\PrimerWare\objdebug\Application.o
 .ARM.attributes
                0x00000062       0x31 C:\Users\John Preston\code\primer\PrimerWare\objdebug\MenuDraw.o
 .ARM.attributes
                0x00000093       0x31 C:\Users\John Preston\code\primer\PrimerWare\objdebug\MenuHandler.o
 .ARM.attributes
                0x000000c4       0x31 C:\Users\John Preston\code\primer\PrimerWare\objdebug\RandNo.o
 .ARM.attributes
                0x000000f5       0x31 C:\Users\John Preston\code\primer\PrimerWare\objdebug\GameDraw.o
 .ARM.attributes
                0x00000126       0x31 C:\Users\John Preston\code\primer\PrimerWare\objdebug\Timer.o
 .ARM.attributes
                0x00000157       0x31 C:\Users\John Preston\code\primer\PrimerWare\objdebug\TestGames.o
 .ARM.attributes
                0x00000188       0x31 C:\Users\John Preston\code\primer\PrimerWare\objdebug\Touchscreen.o

.comment        0x00000000       0x61
 *(.comment)
 .comment       0x00000000       0x37 C:\Program Files (x86)\Raisonance\Ride\Lib\ARM\CircleOS\Application_Startup.o
 .comment       0x00000037       0x2a C:\Users\John Preston\code\primer\PrimerWare\objdebug\Application.o
                                 0x2b (size before relaxing)
 .comment       0x00000000       0x2b C:\Users\John Preston\code\primer\PrimerWare\objdebug\MenuDraw.o
 .comment       0x00000000       0x2b C:\Users\John Preston\code\primer\PrimerWare\objdebug\MenuHandler.o
 .comment       0x00000000       0x2b C:\Users\John Preston\code\primer\PrimerWare\objdebug\RandNo.o
 .comment       0x00000000       0x2b C:\Users\John Preston\code\primer\PrimerWare\objdebug\GameDraw.o
 .comment       0x00000000       0x2b C:\Users\John Preston\code\primer\PrimerWare\objdebug\Timer.o
 .comment       0x00000000       0x2b C:\Users\John Preston\code\primer\PrimerWare\objdebug\TestGames.o
 .comment       0x00000000       0x2b C:\Users\John Preston\code\primer\PrimerWare\objdebug\Touchscreen.o

.debug
 *(.debug)

.line
 *(.line)

.debug_srcinfo
 *(.debug_srcinfo)

.debug_sfnames
 *(.debug_sfnames)

.debug_aranges  0x00000000      0x1a8
 *(.debug_aranges)
 .debug_aranges
                0x00000000       0x30 C:\Users\John Preston\code\primer\PrimerWare\objdebug\Application.o
 .debug_aranges
                0x00000030       0x48 C:\Users\John Preston\code\primer\PrimerWare\objdebug\MenuDraw.o
 .debug_aranges
                0x00000078       0x40 C:\Users\John Preston\code\primer\PrimerWare\objdebug\MenuHandler.o
 .debug_aranges
                0x000000b8       0x28 C:\Users\John Preston\code\primer\PrimerWare\objdebug\RandNo.o
 .debug_aranges
                0x000000e0       0x38 C:\Users\John Preston\code\primer\PrimerWare\objdebug\GameDraw.o
 .debug_aranges
                0x00000118       0x40 C:\Users\John Preston\code\primer\PrimerWare\objdebug\Timer.o
 .debug_aranges
                0x00000158       0x30 C:\Users\John Preston\code\primer\PrimerWare\objdebug\TestGames.o
 .debug_aranges
                0x00000188       0x20 C:\Users\John Preston\code\primer\PrimerWare\objdebug\Touchscreen.o

.debug_pubnames
                0x00000000      0x34c
 *(.debug_pubnames)
 .debug_pubnames
                0x00000000       0x8f C:\Users\John Preston\code\primer\PrimerWare\objdebug\Application.o
 .debug_pubnames
                0x0000008f       0xbb C:\Users\John Preston\code\primer\PrimerWare\objdebug\MenuDraw.o
 .debug_pubnames
                0x0000014a       0x87 C:\Users\John Preston\code\primer\PrimerWare\objdebug\MenuHandler.o
 .debug_pubnames
                0x000001d1       0x2e C:\Users\John Preston\code\primer\PrimerWare\objdebug\RandNo.o
 .debug_pubnames
                0x000001ff       0x72 C:\Users\John Preston\code\primer\PrimerWare\objdebug\GameDraw.o
 .debug_pubnames
                0x00000271       0x7b C:\Users\John Preston\code\primer\PrimerWare\objdebug\Timer.o
 .debug_pubnames
                0x000002ec       0x39 C:\Users\John Preston\code\primer\PrimerWare\objdebug\TestGames.o
 .debug_pubnames
                0x00000325       0x27 C:\Users\John Preston\code\primer\PrimerWare\objdebug\Touchscreen.o

.debug_info     0x00000000     0x1257
 *(.debug_info .gnu.linkonce.wi.*)
 .debug_info    0x00000000      0x550 C:\Users\John Preston\code\primer\PrimerWare\objdebug\Application.o
 .debug_info    0x00000550      0x1d2 C:\Users\John Preston\code\primer\PrimerWare\objdebug\MenuDraw.o
 .debug_info    0x00000722      0x1fc C:\Users\John Preston\code\primer\PrimerWare\objdebug\MenuHandler.o
 .debug_info    0x0000091e       0xf1 C:\Users\John Preston\code\primer\PrimerWare\objdebug\RandNo.o
 .debug_info    0x00000a0f      0x25e C:\Users\John Preston\code\primer\PrimerWare\objdebug\GameDraw.o
 .debug_info    0x00000c6d      0x1bb C:\Users\John Preston\code\primer\PrimerWare\objdebug\Timer.o
 .debug_info    0x00000e28      0x29c C:\Users\John Preston\code\primer\PrimerWare\objdebug\TestGames.o
 .debug_info    0x000010c4      0x193 C:\Users\John Preston\code\primer\PrimerWare\objdebug\Touchscreen.o

.debug_abbrev   0x00000000      0x70b
 *(.debug_abbrev)
 .debug_abbrev  0x00000000      0x174 C:\Users\John Preston\code\primer\PrimerWare\objdebug\Application.o
 .debug_abbrev  0x00000174       0x9c C:\Users\John Preston\code\primer\PrimerWare\objdebug\MenuDraw.o
 .debug_abbrev  0x00000210       0xef C:\Users\John Preston\code\primer\PrimerWare\objdebug\MenuHandler.o
 .debug_abbrev  0x000002ff       0x8a C:\Users\John Preston\code\primer\PrimerWare\objdebug\RandNo.o
 .debug_abbrev  0x00000389       0xf8 C:\Users\John Preston\code\primer\PrimerWare\objdebug\GameDraw.o
 .debug_abbrev  0x00000481       0xbc C:\Users\John Preston\code\primer\PrimerWare\objdebug\Timer.o
 .debug_abbrev  0x0000053d       0xee C:\Users\John Preston\code\primer\PrimerWare\objdebug\TestGames.o
 .debug_abbrev  0x0000062b       0xe0 C:\Users\John Preston\code\primer\PrimerWare\objdebug\Touchscreen.o

.debug_line     0x00000000      0xcc4
 *(.debug_line)
 .debug_line    0x00000000      0x270 C:\Users\John Preston\code\primer\PrimerWare\objdebug\Application.o
 .debug_line    0x00000270      0x1b1 C:\Users\John Preston\code\primer\PrimerWare\objdebug\MenuDraw.o
 .debug_line    0x00000421      0x1f3 C:\Users\John Preston\code\primer\PrimerWare\objdebug\MenuHandler.o
 .debug_line    0x00000614       0x99 C:\Users\John Preston\code\primer\PrimerWare\objdebug\RandNo.o
 .debug_line    0x000006ad      0x19d C:\Users\John Preston\code\primer\PrimerWare\objdebug\GameDraw.o
 .debug_line    0x0000084a      0x107 C:\Users\John Preston\code\primer\PrimerWare\objdebug\Timer.o
 .debug_line    0x00000951      0x1e1 C:\Users\John Preston\code\primer\PrimerWare\objdebug\TestGames.o
 .debug_line    0x00000b32      0x192 C:\Users\John Preston\code\primer\PrimerWare\objdebug\Touchscreen.o

.debug_frame    0x00000000      0x3e8
 *(.debug_frame)
 .debug_frame   0x00000000       0x6c C:\Users\John Preston\code\primer\PrimerWare\objdebug\Application.o
 .debug_frame   0x0000006c       0xc8 C:\Users\John Preston\code\primer\PrimerWare\objdebug\MenuDraw.o
 .debug_frame   0x00000134       0x94 C:\Users\John Preston\code\primer\PrimerWare\objdebug\MenuHandler.o
 .debug_frame   0x000001c8       0x48 C:\Users\John Preston\code\primer\PrimerWare\objdebug\RandNo.o
 .debug_frame   0x00000210       0x90 C:\Users\John Preston\code\primer\PrimerWare\objdebug\GameDraw.o
 .debug_frame   0x000002a0       0x9c C:\Users\John Preston\code\primer\PrimerWare\objdebug\Timer.o
 .debug_frame   0x0000033c       0x7c C:\Users\John Preston\code\primer\PrimerWare\objdebug\TestGames.o
 .debug_frame   0x000003b8       0x30 C:\Users\John Preston\code\primer\PrimerWare\objdebug\Touchscreen.o

.debug_str      0x00000000      0x95b
 *(.debug_str)
 .debug_str     0x00000000      0x4e9 C:\Users\John Preston\code\primer\PrimerWare\objdebug\Application.o
                                0x527 (size before relaxing)
 .debug_str     0x000004e9       0xd6 C:\Users\John Preston\code\primer\PrimerWare\objdebug\MenuDraw.o
                                0x1a4 (size before relaxing)
 .debug_str     0x000005bf       0xc5 C:\Users\John Preston\code\primer\PrimerWare\objdebug\MenuHandler.o
                                0x1ed (size before relaxing)
 .debug_str     0x00000684       0x4a C:\Users\John Preston\code\primer\PrimerWare\objdebug\RandNo.o
                                 0x63 (size before relaxing)
 .debug_str     0x000006ce       0xde C:\Users\John Preston\code\primer\PrimerWare\objdebug\GameDraw.o
                                0x1bd (size before relaxing)
 .debug_str     0x000007ac       0xba C:\Users\John Preston\code\primer\PrimerWare\objdebug\Timer.o
                                0x15a (size before relaxing)
 .debug_str     0x00000866       0x6d C:\Users\John Preston\code\primer\PrimerWare\objdebug\TestGames.o
                                0x1fe (size before relaxing)
 .debug_str     0x000008d3       0x88 C:\Users\John Preston\code\primer\PrimerWare\objdebug\Touchscreen.o
                                0x1b5 (size before relaxing)

.debug_loc      0x00000000      0x607
 *(.debug_loc)
 .debug_loc     0x00000000       0x9d C:\Users\John Preston\code\primer\PrimerWare\objdebug\Application.o
 .debug_loc     0x0000009d      0x138 C:\Users\John Preston\code\primer\PrimerWare\objdebug\MenuDraw.o
 .debug_loc     0x000001d5       0xe8 C:\Users\John Preston\code\primer\PrimerWare\objdebug\MenuHandler.o
 .debug_loc     0x000002bd       0x70 C:\Users\John Preston\code\primer\PrimerWare\objdebug\RandNo.o
 .debug_loc     0x0000032d       0xe2 C:\Users\John Preston\code\primer\PrimerWare\objdebug\GameDraw.o
 .debug_loc     0x0000040f      0x118 C:\Users\John Preston\code\primer\PrimerWare\objdebug\Timer.o
 .debug_loc     0x00000527       0xa8 C:\Users\John Preston\code\primer\PrimerWare\objdebug\TestGames.o
 .debug_loc     0x000005cf       0x38 C:\Users\John Preston\code\primer\PrimerWare\objdebug\Touchscreen.o

.debug_macinfo
 *(.debug_macinfo)

.debug_weaknames
 *(.debug_weaknames)

.debug_funcnames
 *(.debug_funcnames)

.debug_typenames
 *(.debug_typenames)

.debug_varnames
 *(.debug_varnames)
START GROUP
LOAD c:/program files (x86)/raisonance/ride/arm-gcc/bin/../lib/gcc/arm-none-eabi/4.5.1/thumb2\libgcc.a
LOAD c:/program files (x86)/raisonance/ride/arm-gcc/bin/../lib/gcc/arm-none-eabi/4.5.1/../../../../arm-none-eabi/lib/thumb2\libc.a
END GROUP
OUTPUT(C:\Users\John Preston\code\primer\PrimerWare\objdebug\PrimerWare.elf elf32-littlearm)

.debug_pubtypes
                0x00000000      0x379
 .debug_pubtypes
                0x00000000      0x126 C:\Users\John Preston\code\primer\PrimerWare\objdebug\Application.o
 .debug_pubtypes
                0x00000126       0x6b C:\Users\John Preston\code\primer\PrimerWare\objdebug\MenuDraw.o
 .debug_pubtypes
                0x00000191       0x76 C:\Users\John Preston\code\primer\PrimerWare\objdebug\MenuHandler.o
 .debug_pubtypes
                0x00000207       0x5a C:\Users\John Preston\code\primer\PrimerWare\objdebug\GameDraw.o
 .debug_pubtypes
                0x00000261       0x1b C:\Users\John Preston\code\primer\PrimerWare\objdebug\Timer.o
 .debug_pubtypes
                0x0000027c       0x8a C:\Users\John Preston\code\primer\PrimerWare\objdebug\TestGames.o
 .debug_pubtypes
                0x00000306       0x73 C:\Users\John Preston\code\primer\PrimerWare\objdebug\Touchscreen.o

.debug_ranges   0x00000000      0x128
 .debug_ranges  0x00000000       0x20 C:\Users\John Preston\code\primer\PrimerWare\objdebug\Application.o
 .debug_ranges  0x00000020       0x38 C:\Users\John Preston\code\primer\PrimerWare\objdebug\MenuDraw.o
 .debug_ranges  0x00000058       0x30 C:\Users\John Preston\code\primer\PrimerWare\objdebug\MenuHandler.o
 .debug_ranges  0x00000088       0x18 C:\Users\John Preston\code\primer\PrimerWare\objdebug\RandNo.o
 .debug_ranges  0x000000a0       0x28 C:\Users\John Preston\code\primer\PrimerWare\objdebug\GameDraw.o
 .debug_ranges  0x000000c8       0x30 C:\Users\John Preston\code\primer\PrimerWare\objdebug\Timer.o
 .debug_ranges  0x000000f8       0x20 C:\Users\John Preston\code\primer\PrimerWare\objdebug\TestGames.o
 .debug_ranges  0x00000118       0x10 C:\Users\John Preston\code\primer\PrimerWare\objdebug\Touchscreen.o
